// Jest Snapshot v1, https://goo.gl/fbAQLP

exports[`FullButton component renders correctly 1`] = `
<View
  accessible={true}
  isTVSelectable={true}
  onResponderGrant={[Function]}
  onResponderMove={[Function]}
  onResponderRelease={[Function]}
  onResponderTerminate={[Function]}
  onResponderTerminationRequest={[Function]}
  onStartShouldSetResponder={[Function]}
  style={
    Object {
      "backgroundColor": "#ffd700",
      "borderBottomColor": "#ff6300",
      "borderBottomWidth": 1,
      "borderTopColor": "#ff4136",
      "borderTopWidth": 1,
      "marginVertical": 5,
      "opacity": 1,
    }
  }
>
  <Text
    accessible={true}
    allowFontScaling={true}
    ellipsizeMode="tail"
    style={
      Object {
        "color": "#fff",
        "fontFamily": "Avenir-Black",
        "fontSize": 14,
        "margin": 18,
        "textAlign": "center",
      }
    }
  >
    HI
  </Text>
</View>
`;
